../Core/Src/main.c:98:11:calculate_discrete_pid	64	static
../Core/Src/main.c:122:5:is_int	24	static
../Core/Src/main.c:142:5:main	8	static
../Core/Src/main.c:195:6:SystemClock_Config	88	static
../Core/Src/main.c:245:13:MX_I2C1_Init	8	static
../Core/Src/main.c:293:13:MX_SPI1_Init	8	static
../Core/Src/main.c:333:13:MX_TIM2_Init	64	static
../Core/Src/main.c:392:13:MX_TIM7_Init	24	static
../Core/Src/main.c:430:13:MX_USART3_UART_Init	8	static
../Core/Src/main.c:467:13:MX_USB_OTG_FS_PCD_Init	8	static
../Core/Src/main.c:502:13:MX_GPIO_Init	56	static
../Core/Src/main.c:595:6:HAL_UART_RxCpltCallback	16	static
../Core/Src/main.c:607:6:HAL_TIM_PeriodElapsedCallback	24	static
../Core/Src/main.c:644:6:Error_Handler	4	static,ignoring_inline_asm
